{
    "created": {
        "app\/Observers\/PostObserver.php": "<?php\n\ndeclare(strict_types=1);\n\nnamespace App\\Observers;\n\nclass PostObserver\n{\n    \/\/\n}\n"
    },
    "deleted": [],
    "updated": []
}