Notification::fake();

Notification::assertSentTo([$user], InvoicePaid::class);
