{
    "created": {
        "app\/Mail\/OrderShippedWithMarkdownQueued.php": "<?php\n\ndeclare(strict_types=1);\n\nnamespace App\\Mail;\n\nuse Illuminate\\Bus\\Queueable;\nuse Illuminate\\Contracts\\Queue\\ShouldQueue;\nuse Illuminate\\Mail\\Mailable;\nuse Illuminate\\Mail\\Mailables\\Content;\nuse Illuminate\\Mail\\Mailables\\Envelope;\nuse Illuminate\\Queue\\SerializesModels;\n\nclass OrderShippedWithMarkdownQueued extends Mailable implements ShouldQueue\n{\n    use Queueable;\n    use SerializesModels;\n\n    \/**\n     * Get the message envelope.\n     *\/\n    public function envelope(): Envelope\n    {\n        return new Envelope(\n            subject: 'Order Shipped',\n        );\n    }\n\n    \/**\n     * Get the message content definition.\n     *\/\n    public function content(): Content\n    {\n        return new Content(\n            markdown: 'mail.order-shipped-with-markdown-queued',\n        );\n    }\n\n    \/**\n     * Get the attachments for the message.\n     *\n     * @return array<int, \\Illuminate\\Mail\\Mailables\\Attachment>\n     *\/\n    public function attachments(): array\n    {\n        return [];\n    }\n}\n"
    },
    "deleted": [],
    "updated": []
}