{
    "created": {
        "app\/Nova\/Actions\/EmailAccountProfile.php": "<?php\n\nnamespace App\\Nova\\Actions;\n\nuse Illuminate\\Bus\\Queueable;\nuse Illuminate\\Contracts\\Queue\\ShouldQueue;\nuse Illuminate\\Queue\\InteractsWithQueue;\nuse Illuminate\\Support\\Collection;\nuse Laravel\\Nova\\Actions\\Action;\nuse Laravel\\Nova\\Fields\\ActionFields;\nuse Laravel\\Nova\\Http\\Requests\\NovaRequest;\n\nclass EmailAccountProfile extends Action\n{\n    use InteractsWithQueue, Queueable;\n\n    \/**\n     * Perform the action on the given models.\n     *\n     * @param  \\Laravel\\Nova\\Fields\\ActionFields  $fields\n     * @param  \\Illuminate\\Support\\Collection  $models\n     * @return mixed\n     *\/\n    public function handle(ActionFields $fields, Collection $models)\n    {\n        \/\/\n    }\n\n    \/**\n     * Get the fields available on the action.\n     *\n     * @param  \\Laravel\\Nova\\Http\\Requests\\NovaRequest  $request\n     * @return array\n     *\/\n    public function fields(NovaRequest $request)\n    {\n        return [];\n    }\n}\n"
    },
    "deleted": [],
    "updated": []
}