return view('welcome', ['user' => $user, 'message' => $message]);