{
    "created": {
        "app\/Rules\/Lowercase.php": "<?php\n\ndeclare(strict_types=1);\n\nnamespace App\\Rules;\n\nuse Closure;\nuse Illuminate\\Contracts\\Validation\\ValidationRule;\n\nclass Lowercase implements ValidationRule\n{\n    \/**\n     * Create a new rule instance.\n     *\/\n    public function __construct()\n    {\n        \n    }\n\n    \/**\n     * Run the validation rule.\n     *\n     * @param \\Closure(string): \\Illuminate\\Translation\\PotentiallyTranslatedString $fail\n     *\/\n    public function validate(string $attribute, mixed $value, Closure $fail): void\n    {\n        \/\/\n    }\n}\n"
    },
    "deleted": [],
    "updated": []
}