return Redirect::action([App\Http\Controllers\PostController::class, 'show'], ['id' => $id]);