created:
    app/Casts/Json.php: null
deleted: {  }
updated: {  }
