created:
    database/factories/UserFactory.php: |
        <?php

        declare(strict_types=1);

        namespace Database\Factories;

        use Illuminate\Database\Eloquent\Factories\Factory;
        use Illuminate\Support\Str;

        /**
         * @extends \Illuminate\Database\Eloquent\Factories\Factory<\App\Models\User>
         */
        class UserFactory extends Factory
        {
            /**
             * Define the model's default state.
             *
             * @return array<string, mixed>
             */
            public function definition(): array
            {
                return [
                    'name' => fake()->name,
                    'email' => fake()->safeEmail,
                    'email_verified_at' => fake()->dateTime(),
                    'password' => fake()->password,
                    'remember_token' => Str::random(10),
                    'current_team_id' => fake()->word,
                    'profile_photo_path' => fake()->regexify('[A-Za-z0-9]{2048}'),
                ];
            }
        }
deleted: {  }
updated: {  }
