created:
    app/Nova/Filters/UserType.php: |
        <?php

        namespace App\Nova\Filters;

        use Illuminate\Support\Carbon;
        use Laravel\Nova\Filters\DateFilter;
        use Laravel\Nova\Http\Requests\NovaRequest;

        class UserType extends DateFilter
        {
            /**
             * Apply the filter to the given query.
             *
             * @param  \Laravel\Nova\Http\Requests\NovaRequest  $request
             * @param  \Illuminate\Database\Eloquent\Builder  $query
             * @param  mixed  $value
             * @return \Illuminate\Database\Eloquent\Builder
             */
            public function apply(NovaRequest $request, $query, $value)
            {
                $value = Carbon::parse($value);

                return $query;
            }
        }
deleted: {  }
updated: {  }
