App\Events\UserCreated::dispatch($user, $message);