created:
    app/Http/Requests/StoreUserRequest.php: |
        <?php

        declare(strict_types=1);

        namespace App\Http\Requests;

        use Illuminate\Foundation\Http\FormRequest;

        class StoreUserRequest extends FormRequest
        {
            /**
             * Determine if the user is authorized to make this request.
             */
            public function authorize(): bool
            {
                return false;
            }

            /**
             * Get the validation rules that apply to the request.
             *
             * @return array<string, array|\Illuminate\Contracts\Validation\ValidationRule|string>
             */
            public function rules(): array
            {
                return [
                    'username' => 'required|string|min:3|max:255'
                ];
            }
        }
deleted: {  }
updated: {  }
