related: related
through: through
firstKey: firstKey
secondKey: secondKey
localKey: localKey
secondLocalKey: secondLocalKey
