related: related
foreignKey: foreignKey
localKey: localKey
