created:
    app/Jobs/WithParameters.php: |
        <?php

        declare(strict_types=1);

        namespace App\Jobs;

        use Illuminate\Foundation\Bus\Dispatchable;

        class WithParameters
        {
            use Dispatchable;
            /**
             * Create a new job instance.
             */
            public function __construct()
            {
                
            }

            /**
             * Execute the job.
             */
            public function handle(): void
            {
                //
            }
        }
deleted: {  }
updated: {  }
