created:
    app/Jobs/QueuedWithoutParameters.php: |
        <?php

        declare(strict_types=1);

        namespace App\Jobs;

        use Illuminate\Bus\Queueable;
        // use Illuminate\Contracts\Queue\ShouldBeUnique;
        use Illuminate\Contracts\Queue\ShouldQueue;
        use Illuminate\Foundation\Bus\Dispatchable;
        use Illuminate\Queue\InteractsWithQueue;
        use Illuminate\Queue\SerializesModels;

        class QueuedWithoutParameters implements ShouldQueue
        {
            use Dispatchable;
            use InteractsWithQueue;
            use Queueable;
            use SerializesModels;

            /**
             * Execute the job.
             */
            public function handle(): void
            {
                //
            }
        }
deleted: {  }
updated: {  }
