created:
    app/Mail/OrderShipped.php: |
        <?php

        declare(strict_types=1);

        namespace App\Mail;

        use Illuminate\Mail\Mailable;
        use Illuminate\Mail\Mailables\Content;
        use Illuminate\Mail\Mailables\Envelope;
        use Illuminate\Queue\SerializesModels;

        class OrderShipped extends Mailable
        {
            use SerializesModels;

            /**
             * Get the message envelope.
             */
            public function envelope(): Envelope
            {
                return new Envelope(
                    subject: 'Order Shipped',
                );
            }

            /**
             * Get the message content definition.
             */
            public function content(): Content
            {
                return new Content(
                    view: 'mail.order-shipped',
                );
            }

            /**
             * Get the attachments for the message.
             *
             * @return array<int, \Illuminate\Mail\Mailables\Attachment>
             */
            public function attachments(): array
            {
                return [];
            }
        }
deleted: {  }
updated: {  }
