created:
    app/Nova/Metrics/Partition.php: |
        <?php

        namespace App\Nova\Metrics;

        use Laravel\Nova\Http\Requests\NovaRequest;
        use Laravel\Nova\Metrics\Partition;

        class Partition extends Partition
        {
            /**
             * Calculate the value of the metric.
             *
             * @param  \Laravel\Nova\Http\Requests\NovaRequest  $request
             * @return mixed
             */
            public function calculate(NovaRequest $request)
            {
                return $this->count($request, Model::class, 'groupByColumn');
            }

            /**
             * Determine the amount of time the results of the metric should be cached.
             *
             * @return \DateTimeInterface|\DateInterval|float|int|null
             */
            public function cacheFor()
            {
                // return now()->addMinutes(5);
            }

            /**
             * Get the URI key for the metric.
             *
             * @return string
             */
            public function uriKey()
            {
                return 'uri-key';
            }
        }
deleted: {  }
updated: {  }
