related: Tag
name: taggable
table: null
foreignPivotKey: null
relatedPivotKey: null
parentKey: null
relatedKey: null
relation: null
inverse: false
