        abort_if($request->user()->cant('show', $user), 403);
