        abort_if($request->user()->cannot('create', User::class), 403);
