Mail::to($post->author)->send(new ReviewPost($post));