        abort_unless($request->user()->canAny('show', $user), 403);
