created:
    resources/views/dashboard.blade.php: |
        Very little is needed to make a happy life. - Marcus Aurelius
deleted: {  }
updated: {  }
