created:
    app/View/Components/Alert.php: |
        <?php

        declare(strict_types=1);

        namespace App\View\Components;

        use Closure;
        use Illuminate\Contracts\View\View;
        use Illuminate\View\Component;

        class Alert extends Component
        {

            /**
             * Get the view / contents that represent the component.
             */
            public function render(): View|Closure|string
            {
                return view('components.alert');
            }
        }
deleted: {  }
updated: {  }
