created:
    app/View/Composers/DashboardComposer.php: |
        <?php

        declare(strict_types=1);

        namespace App\View\Composers;

        use Illuminate\View\View;

        class DashboardComposer
        {

            /**
             * Bind data to the view.
             */
            public function compose(View $view): void
            {
                //
            }
        }
deleted: {  }
updated: {  }
