return Redirect::action([App\Http\Controllers\PostController::class, 'index']);