        abort_unless($request->user()->can('create', User::class), 403);
