        abort_if($request->user()->cannot('show', $user), 403);
