$request->session()->store('post.title', $post->title);