{
    "created": {
        "app\/Nova\/Filters\/UserType.php": "<?php\n\nnamespace App\\Nova\\Filters;\n\nuse Illuminate\\Support\\Carbon;\nuse Laravel\\Nova\\Filters\\DateFilter;\nuse Laravel\\Nova\\Http\\Requests\\NovaRequest;\n\nclass UserType extends DateFilter\n{\n    \/**\n     * Apply the filter to the given query.\n     *\n     * @param  \\Laravel\\Nova\\Http\\Requests\\NovaRequest  $request\n     * @param  \\Illuminate\\Database\\Eloquent\\Builder  $query\n     * @param  mixed  $value\n     * @return \\Illuminate\\Database\\Eloquent\\Builder\n     *\/\n    public function apply(NovaRequest $request, $query, $value)\n    {\n        $value = Carbon::parse($value);\n\n        return $query;\n    }\n}\n"
    },
    "deleted": [],
    "updated": []
}