{
    "created": {
        "app\/Http\/Controllers\/ParentNestedController.php": "<?php\n\ndeclare(strict_types=1);\n\nnamespace App\\Http\\Controllers;\n\nuse App\\Http\\Controllers\\Controller;\nuse App\\Http\\Requests\\StoreNestedRequest;\nuse App\\Http\\Requests\\UpdateNestedRequest;\nuse App\\Models\\Nested;\nuse App\\Models\\Parent;\n\nclass ParentNestedController extends Controller\n{\n    \/**\n     * Create a new controller instance.\n     *\/\n    public function __construct()\n    {\n                $this->authorizeResource(Nested::class);\n\n    }\n\n    \/**\n     * Display a listing of the resource.\n     *\/\n    public function index(Parent $parent)\n    {\n        \/\/\n    }\n\n    \/**\n     * Store a newly created resource in storage.\n     *\/\n    public function store(StoreNestedRequest $request, Parent $parent)\n    {\n        \/\/\n    }\n\n    \/**\n     * Update the specified resource in storage.\n     *\/\n    public function update(UpdateNestedRequest $request, Parent $parent, Nested $nested)\n    {\n        \/\/\n    }\n}\n"
    },
    "deleted": [],
    "updated": []
}