{
    "created": {
        "app\/Nova\/Metrics\/Trend.php": "<?php\n\nnamespace App\\Nova\\Metrics;\n\nuse Laravel\\Nova\\Http\\Requests\\NovaRequest;\nuse Laravel\\Nova\\Metrics\\Trend;\nuse Laravel\\Nova\\Nova;\n\nclass Trend extends Trend\n{\n    \/**\n     * Calculate the value of the metric.\n     *\n     * @param  \\Laravel\\Nova\\Http\\Requests\\NovaRequest  $request\n     * @return mixed\n     *\/\n    public function calculate(NovaRequest $request)\n    {\n        return $this->countByDays($request, Model::class);\n    }\n\n    \/**\n     * Get the ranges available for the metric.\n     *\n     * @return array\n     *\/\n    public function ranges()\n    {\n        return [\n            30 => Nova::__('30 Days'),\n            60 => Nova::__('60 Days'),\n            90 => Nova::__('90 Days'),\n        ];\n    }\n\n    \/**\n     * Determine the amount of time the results of the metric should be cached.\n     *\n     * @return \\DateTimeInterface|\\DateInterval|float|int|null\n     *\/\n    public function cacheFor()\n    {\n        \/\/ return now()->addMinutes(5);\n    }\n\n    \/**\n     * Get the URI key for the metric.\n     *\n     * @return string\n     *\/\n    public function uriKey()\n    {\n        return 'uri-key';\n    }\n}\n"
    },
    "deleted": [],
    "updated": []
}