{
    "created": {
        "app\/Http\/Requests\/StoreUserRequest.php": "<?php\n\ndeclare(strict_types=1);\n\nnamespace App\\Http\\Requests;\n\nuse Illuminate\\Foundation\\Http\\FormRequest;\n\nclass StoreUserRequest extends FormRequest\n{\n    \/**\n     * Determine if the user is authorized to make this request.\n     *\/\n    public function authorize(): bool\n    {\n        return false;\n    }\n\n    \/**\n     * Get the validation rules that apply to the request.\n     *\n     * @return array<string, array|\\Illuminate\\Contracts\\Validation\\ValidationRule|string>\n     *\/\n    public function rules(): array\n    {\n        return [\n            'username' => 'required|string|min:3|max:255'\n        ];\n    }\n}\n"
    },
    "deleted": [],
    "updated": []
}